// Jest Snapshot v1, https://goo.gl/fbAQLP

exports[`renders correctly 1`] = `
<div
  className="container"
>
  <div
    className="d-flex justify-content-center"
  >
    <div
      className="spinner-border"
    />
  </div>
</div>
`;
